<?xml version="1.0" encoding="UTF-8"?>
<TestRun id="09c19401-b9b4-4952-8a5b-40936bec49cd" name="Johan@JOHAN-PC 2012-03-04 21:23:27" runUser="Johan-PC\Johan" xmlns="http://microsoft.com/schemas/VisualStudio/TeamTest/2010">
  <TestSettings name="Local" id="39875048-2048-441b-8624-86654f126164">
    <Description>These are default test settings for a local test run.</Description>
    <Deployment enabled="false" runDeploymentRoot="Johan_JOHAN-PC 2012-03-04 21_23_27">
      <DeploymentItem filename="C:\Users\Johan\Documents\projects\RapidCase\packages\Selenium.WebDriver.2.20.0\lib\net40\WebDriver.dll" />
      <DeploymentItem filename="C:\Users\Johan\Documents\projects\RapidCase\packages\SpecFlow.1.8.1\lib\net35\TechTalk.SpecFlow.dll" />
      <DeploymentItem filename="C:\Users\Johan\Documents\projects\RapidCase\RapidCase.Common\bin\Debug\RapidCase.Common.dll" />
      <DeploymentItem filename="C:\Users\Johan\Documents\projects\RapidCase\packages\DotNetZip.1.9.1.8\lib\net20\Ionic.Zip.dll" />
      <DeploymentItem filename="C:\Users\Johan\Documents\projects\RapidCase\packages\Newtonsoft.Json.4.0.6\lib\net40\Newtonsoft.Json.dll" />
    </Deployment>
    <Execution>
      <TestTypeSpecific />
      <AgentRule name="Execution Agents">
      </AgentRule>
    </Execution>
  </TestSettings>
  <Times creation="2012-03-04T21:23:27.9479363+01:00" queuing="2012-03-04T21:23:28.0489421+01:00" start="2012-03-04T21:23:28.0609427+01:00" finish="2012-03-04T21:23:48.4571093+01:00" />
  <ResultSummary outcome="Failed">
    <Counters total="6" executed="6" passed="2" error="0" failed="1" timeout="0" aborted="0" inconclusive="3" passedButRunAborted="0" notRunnable="0" notExecuted="0" disconnected="0" warning="0" completed="0" inProgress="0" pending="0" />
  </ResultSummary>
  <TestDefinitions>
    <UnitTest name="ShowDatabaseLocationSelectionScreenIfDatabaseLocationIsMissing" storage="c:\users\johan\documents\projects\rapidcase\rapidcase.basicsystem.specifications\bin\debug\rapidcase.basicsystem.specifications.dll" id="607ad56f-0bd1-54e5-69b6-976f368d808a">
      <Description>Show database location selection screen if database location is missing</Description>
      <TestCategory>
        <TestCategoryItem TestCategory="web" />
      </TestCategory>
      <Execution id="a70be3a3-eed5-4bde-b535-78e69ee3ad63" />
      <Properties>
        <Property>
          <Key>FeatureTitle</Key>
          <Value>Initial set up</Value>
        </Property>
      </Properties>
      <TestMethod codeBase="C:/Users/Johan/Documents/projects/RapidCase/RapidCase.BasicSystem.Specifications/bin/Debug/RapidCase.BasicSystem.Specifications.DLL" adapterTypeName="Microsoft.VisualStudio.TestTools.TestTypes.Unit.UnitTestAdapter, Microsoft.VisualStudio.QualityTools.Tips.UnitTest.Adapter, Version=10.0.0.0, Culture=neutral, PublicKeyToken=b03f5f7f11d50a3a" className="RapidCase.BasicSystem.Specifications.Setup.InitialSetUpFeature, RapidCase.BasicSystem.Specifications, Version=1.0.0.0, Culture=neutral, PublicKeyToken=null" name="ShowDatabaseLocationSelectionScreenIfDatabaseLocationIsMissing" />
    </UnitTest>
    <UnitTest name="EnterSetupInformationCorrect" storage="c:\users\johan\documents\projects\rapidcase\rapidcase.basicsystem.specifications\bin\debug\rapidcase.basicsystem.specifications.dll" id="5abbfa87-d65c-c25d-a8cd-0901fe713af4">
      <Description>Enter setup information correct</Description>
      <TestCategory>
        <TestCategoryItem TestCategory="web" />
      </TestCategory>
      <Execution id="3cf71ee1-36da-498f-877a-f3d280e124ee" />
      <Properties>
        <Property>
          <Key>FeatureTitle</Key>
          <Value>Initial set up</Value>
        </Property>
      </Properties>
      <TestMethod codeBase="C:/Users/Johan/Documents/projects/RapidCase/RapidCase.BasicSystem.Specifications/bin/Debug/RapidCase.BasicSystem.Specifications.DLL" adapterTypeName="Microsoft.VisualStudio.TestTools.TestTypes.Unit.UnitTestAdapter, Microsoft.VisualStudio.QualityTools.Tips.UnitTest.Adapter, Version=10.0.0.0, Culture=neutral, PublicKeyToken=b03f5f7f11d50a3a" className="RapidCase.BasicSystem.Specifications.Setup.InitialSetUpFeature, RapidCase.BasicSystem.Specifications, Version=1.0.0.0, Culture=neutral, PublicKeyToken=null" name="EnterSetupInformationCorrect" />
    </UnitTest>
    <UnitTest name="AInitialFileIsLoadedTheFirstTimeIStartTheRapidCaseDevelopmentStudio" storage="c:\users\johan\documents\projects\rapidcase\rapidcase.developerstudio.specifications\bin\debug\rapidcase.developerstudio.specifications.dll" id="fd5c18a6-5934-b007-aee8-c67ef598ac60">
      <Description>A initial file is loaded the first time I start the RapidCase Development Studio</Description>
      <TestCategory>
        <TestCategoryItem TestCategory="web" />
      </TestCategory>
      <Execution id="3049eb4c-dfee-432d-a791-8e348013bc3b" />
      <Properties>
        <Property>
          <Key>FeatureTitle</Key>
          <Value>New, Open and save</Value>
        </Property>
      </Properties>
      <TestMethod codeBase="C:/Users/Johan/Documents/projects/RapidCase/RapidCase.DeveloperStudio.Specifications/bin/Debug/RapidCase.DeveloperStudio.Specifications.DLL" adapterTypeName="Microsoft.VisualStudio.TestTools.TestTypes.Unit.UnitTestAdapter, Microsoft.VisualStudio.QualityTools.Tips.UnitTest.Adapter, Version=10.0.0.0, Culture=neutral, PublicKeyToken=b03f5f7f11d50a3a" className="RapidCase.DeveloperStudio.Specifications.BasicFunctions.NewOpenAndSaveFeature, RapidCase.DeveloperStudio.Specifications, Version=1.0.0.0, Culture=neutral, PublicKeyToken=null" name="AInitialFileIsLoadedTheFirstTimeIStartTheRapidCaseDevelopmentStudio" />
    </UnitTest>
    <UnitTest name="SelectRemoteMachineAsDatabaseLocation" storage="c:\users\johan\documents\projects\rapidcase\rapidcase.basicsystem.specifications\bin\debug\rapidcase.basicsystem.specifications.dll" id="1cf2fcd1-9bb4-7359-640e-ae1d47b72bd4">
      <Description>Select remote machine as database location</Description>
      <TestCategory>
        <TestCategoryItem TestCategory="web" />
      </TestCategory>
      <Execution id="31763cc6-5fb9-4b24-ba20-61df299b451a" />
      <Properties>
        <Property>
          <Key>FeatureTitle</Key>
          <Value>Initial set up</Value>
        </Property>
      </Properties>
      <TestMethod codeBase="C:/Users/Johan/Documents/projects/RapidCase/RapidCase.BasicSystem.Specifications/bin/Debug/RapidCase.BasicSystem.Specifications.DLL" adapterTypeName="Microsoft.VisualStudio.TestTools.TestTypes.Unit.UnitTestAdapter, Microsoft.VisualStudio.QualityTools.Tips.UnitTest.Adapter, Version=10.0.0.0, Culture=neutral, PublicKeyToken=b03f5f7f11d50a3a" className="RapidCase.BasicSystem.Specifications.Setup.InitialSetUpFeature, RapidCase.BasicSystem.Specifications, Version=1.0.0.0, Culture=neutral, PublicKeyToken=null" name="SelectRemoteMachineAsDatabaseLocation" />
    </UnitTest>
    <UnitTest name="WhenALogInToTheRapidCaseDevelopmentStudioTheConfigurationIsAutomaticlyLoaded" storage="c:\users\johan\documents\projects\rapidcase\rapidcase.developerstudio.specifications\bin\debug\rapidcase.developerstudio.specifications.dll" id="f534cc6d-ccd7-79c5-9d4a-e36817d3f99a">
      <Description>When a log in to the RapidCase Development Studio the configuration is automaticly loaded</Description>
      <TestCategory>
        <TestCategoryItem TestCategory="web" />
      </TestCategory>
      <Execution id="aafddfb6-4379-4699-8635-758fa762eddd" />
      <Properties>
        <Property>
          <Key>FeatureTitle</Key>
          <Value>New, Open and save</Value>
        </Property>
      </Properties>
      <TestMethod codeBase="C:/Users/Johan/Documents/projects/RapidCase/RapidCase.DeveloperStudio.Specifications/bin/Debug/RapidCase.DeveloperStudio.Specifications.DLL" adapterTypeName="Microsoft.VisualStudio.TestTools.TestTypes.Unit.UnitTestAdapter, Microsoft.VisualStudio.QualityTools.Tips.UnitTest.Adapter, Version=10.0.0.0, Culture=neutral, PublicKeyToken=b03f5f7f11d50a3a" className="RapidCase.DeveloperStudio.Specifications.BasicFunctions.NewOpenAndSaveFeature, RapidCase.DeveloperStudio.Specifications, Version=1.0.0.0, Culture=neutral, PublicKeyToken=null" name="WhenALogInToTheRapidCaseDevelopmentStudioTheConfigurationIsAutomaticlyLoaded" />
    </UnitTest>
    <UnitTest name="WhenAPushTheSaveButtonTheActiveObjectIsSaved" storage="c:\users\johan\documents\projects\rapidcase\rapidcase.developerstudio.specifications\bin\debug\rapidcase.developerstudio.specifications.dll" id="73302206-0dad-245f-b252-a47d9578b55d">
      <Description>When a push the save button the active object is saved</Description>
      <TestCategory>
        <TestCategoryItem TestCategory="web" />
      </TestCategory>
      <Execution id="f1d4ed1c-b081-4af1-93ae-c099d39465c0" />
      <Properties>
        <Property>
          <Key>FeatureTitle</Key>
          <Value>New, Open and save</Value>
        </Property>
      </Properties>
      <TestMethod codeBase="C:/Users/Johan/Documents/projects/RapidCase/RapidCase.DeveloperStudio.Specifications/bin/Debug/RapidCase.DeveloperStudio.Specifications.DLL" adapterTypeName="Microsoft.VisualStudio.TestTools.TestTypes.Unit.UnitTestAdapter, Microsoft.VisualStudio.QualityTools.Tips.UnitTest.Adapter, Version=10.0.0.0, Culture=neutral, PublicKeyToken=b03f5f7f11d50a3a" className="RapidCase.DeveloperStudio.Specifications.BasicFunctions.NewOpenAndSaveFeature, RapidCase.DeveloperStudio.Specifications, Version=1.0.0.0, Culture=neutral, PublicKeyToken=null" name="WhenAPushTheSaveButtonTheActiveObjectIsSaved" />
    </UnitTest>
  </TestDefinitions>
  <TestLists>
    <TestList name="Results Not in a List" id="8c84fa94-04c1-424b-9868-57a2d4851a1d" />
    <TestList name="All Loaded Results" id="19431567-8539-422a-85d7-44ee4e166bda" />
  </TestLists>
  <TestEntries>
    <TestEntry testId="1cf2fcd1-9bb4-7359-640e-ae1d47b72bd4" executionId="31763cc6-5fb9-4b24-ba20-61df299b451a" testListId="8c84fa94-04c1-424b-9868-57a2d4851a1d" />
    <TestEntry testId="5abbfa87-d65c-c25d-a8cd-0901fe713af4" executionId="3cf71ee1-36da-498f-877a-f3d280e124ee" testListId="8c84fa94-04c1-424b-9868-57a2d4851a1d" />
    <TestEntry testId="607ad56f-0bd1-54e5-69b6-976f368d808a" executionId="a70be3a3-eed5-4bde-b535-78e69ee3ad63" testListId="8c84fa94-04c1-424b-9868-57a2d4851a1d" />
    <TestEntry testId="73302206-0dad-245f-b252-a47d9578b55d" executionId="f1d4ed1c-b081-4af1-93ae-c099d39465c0" testListId="8c84fa94-04c1-424b-9868-57a2d4851a1d" />
    <TestEntry testId="f534cc6d-ccd7-79c5-9d4a-e36817d3f99a" executionId="aafddfb6-4379-4699-8635-758fa762eddd" testListId="8c84fa94-04c1-424b-9868-57a2d4851a1d" />
    <TestEntry testId="fd5c18a6-5934-b007-aee8-c67ef598ac60" executionId="3049eb4c-dfee-432d-a791-8e348013bc3b" testListId="8c84fa94-04c1-424b-9868-57a2d4851a1d" />
  </TestEntries>
  <Results>
    <UnitTestResult executionId="31763cc6-5fb9-4b24-ba20-61df299b451a" testId="1cf2fcd1-9bb4-7359-640e-ae1d47b72bd4" testName="SelectRemoteMachineAsDatabaseLocation" computerName="JOHAN-PC" duration="00:00:07.9282028" startTime="2012-03-04T21:23:28.0819439+01:00" endTime="2012-03-04T21:23:42.6257758+01:00" testType="13cdc9d9-ddb5-4fa4-a97d-d965ccfc6d4b" outcome="Failed" testListId="8c84fa94-04c1-424b-9868-57a2d4851a1d" relativeResultsDirectory="31763cc6-5fb9-4b24-ba20-61df299b451a">
      <Output>
        <StdOut>Given I start up the system for the first time
-&gt; done: InitalSetUpStepDefinitions.GivenIStartUpTheSystemForTheFirstTime() (0,0s)
And the database location is not set
-&gt; done: InitalSetUpStepDefinitions.GivenTheDatabaseLocationIsNotSet() (0,0s)
And the administration password is not set
-&gt; done: InitalSetUpStepDefinitions.GivenTheAdministrationPasswordIsNotSet() (0,0s)
And setup screen i showing
-&gt; done: InitalSetUpStepDefinitions.GivenSetupScreenIShowing() (1,7s)
When I select that my database is on a remote machine. I enter 127.0.0.1 as database location, port 8080 as port
-&gt; error: Element must be user-editable in order to clear it.
And I enter test as administration password
-&gt; skipped because of previous errors
And I click the save button
-&gt; skipped because of previous errors
Then the database location i saved as http://127.0.0.1:8080
-&gt; skipped because of previous errors
And administration password i saved as test
-&gt; skipped because of previous errors</StdOut>
        <ErrorInfo>
          <Message>Test method RapidCase.BasicSystem.Specifications.Setup.InitialSetUpFeature.SelectRemoteMachineAsDatabaseLocation threw exception: 
System.InvalidOperationException: Element must be user-editable in order to clear it.</Message>
          <StackTrace>    at OpenQA.Selenium.Remote.RemoteWebDriver.UnpackAndThrowOnError(Response errorResponse)
   at OpenQA.Selenium.Remote.RemoteWebDriver.Execute(DriverCommand driverCommandToExecute, Dictionary`2 parameters)
   at OpenQA.Selenium.Remote.RemoteWebElement.Clear()
   at RapidCase.BasicSystem.Specifications.Setup.InitalSetUpStepDefinitions.WhenISelectThatMyDatabaseIsOnARemoteMachine_IEnter127_0_0_1AsDatabaseLocationPort8080AsPort() in C:\Users\Johan\Documents\projects\RapidCase\RapidCase.BasicSystem.Specifications\Setup\InitalSetUpStepDefinitions.cs:line 110
   at lambda_method(Closure , IContextManager )
   at TechTalk.SpecFlow.Bindings.MethodBinding.InvokeAction(IContextManager contextManager, Object[] arguments, ITestTracer testTracer, TimeSpan&amp; duration)
   at TechTalk.SpecFlow.Bindings.StepDefinitionBinding.Invoke(IContextManager contextManager, ITestTracer testTracer, Object[] arguments, TimeSpan&amp; duration)
   at TechTalk.SpecFlow.Infrastructure.TestExecutionEngine.ExecuteStepMatch(BindingMatch match, Object[] arguments)
   at TechTalk.SpecFlow.Infrastructure.TestExecutionEngine.ExecuteStep(StepArgs stepArgs)
   at TechTalk.SpecFlow.Infrastructure.TestExecutionEngine.OnAfterLastStep()
   at TechTalk.SpecFlow.TestRunner.CollectScenarioErrors()
   at RapidCase.BasicSystem.Specifications.Setup.InitialSetUpFeature.ScenarioCleanup() in C:\Users\Johan\Documents\projects\RapidCase\RapidCase.BasicSystem.Specifications\Setup\InitalSetup1.feature.cs:line 0
   at RapidCase.BasicSystem.Specifications.Setup.InitialSetUpFeature.SelectRemoteMachineAsDatabaseLocation() in c:\Users\Johan\Documents\projects\RapidCase\RapidCase.BasicSystem.Specifications\Setup\InitalSetup.feature:line 33
</StackTrace>
        </ErrorInfo>
      </Output>
    </UnitTestResult>
    <UnitTestResult executionId="3cf71ee1-36da-498f-877a-f3d280e124ee" testId="5abbfa87-d65c-c25d-a8cd-0901fe713af4" testName="EnterSetupInformationCorrect" computerName="JOHAN-PC" duration="00:00:02.8345996" startTime="2012-03-04T21:23:42.6287760+01:00" endTime="2012-03-04T21:23:45.4689384+01:00" testType="13cdc9d9-ddb5-4fa4-a97d-d965ccfc6d4b" outcome="Passed" testListId="8c84fa94-04c1-424b-9868-57a2d4851a1d" relativeResultsDirectory="3cf71ee1-36da-498f-877a-f3d280e124ee">
      <Output>
        <StdOut>Given I start up the system for the first time
-&gt; done: InitalSetUpStepDefinitions.GivenIStartUpTheSystemForTheFirstTime() (0,0s)
And the database location is not set
-&gt; done: InitalSetUpStepDefinitions.GivenTheDatabaseLocationIsNotSet() (0,0s)
And the administration password is not set
-&gt; done: InitalSetUpStepDefinitions.GivenTheAdministrationPasswordIsNotSet() (0,0s)
And setup screen i showing
-&gt; done: InitalSetUpStepDefinitions.GivenSetupScreenIShowing() (1,5s)
When I select the default value local machine as database location, port 8080 as port
-&gt; done: InitalSetUpStepDefinitions.WhenISelectTheDefaultValueLocalMachineAsDatabaseLocationPort8080AsPort() (0,0s)
And I enter test as administration password
-&gt; done: InitalSetUpStepDefinitions.WhenIEnterTestAsAdministrationPassword() (0,2s)
And I click the save button
-&gt; done: InitalSetUpStepDefinitions.WhenIClickTheSaveButton() (0,1s)
Then the database location i saved as http://localhost:8080
-&gt; done: InitalSetUpStepDefinitions.ThenTheDatabaseLocationISavedAsHttpLocalhost8080() (0,0s)
And administration password i saved as test
-&gt; done: InitalSetUpStepDefinitions.ThenAdministrationPasswordISavedAsTest() (0,0s)</StdOut>
      </Output>
    </UnitTestResult>
    <UnitTestResult executionId="a70be3a3-eed5-4bde-b535-78e69ee3ad63" testId="607ad56f-0bd1-54e5-69b6-976f368d808a" testName="ShowDatabaseLocationSelectionScreenIfDatabaseLocationIsMissing" computerName="JOHAN-PC" duration="00:00:02.5031245" startTime="2012-03-04T21:23:45.4709385+01:00" endTime="2012-03-04T21:23:47.9820822+01:00" testType="13cdc9d9-ddb5-4fa4-a97d-d965ccfc6d4b" outcome="Passed" testListId="8c84fa94-04c1-424b-9868-57a2d4851a1d" relativeResultsDirectory="a70be3a3-eed5-4bde-b535-78e69ee3ad63">
      <Output>
        <StdOut>Given I start up the system for the first time
-&gt; done: InitalSetUpStepDefinitions.GivenIStartUpTheSystemForTheFirstTime() (0,0s)
And the database location is not set
-&gt; done: InitalSetUpStepDefinitions.GivenTheDatabaseLocationIsNotSet() (0,0s)
When I navigate to the default page
-&gt; done: InitalSetUpStepDefinitions.WhenINavigateToTheDefaultPage() (1,4s)
Then I will be asked to enter the location of the database. Either I can select local and port number or a remote url and a port number.
-&gt; done: InitalSetUpStepDefinitions.ThenIWillBeAskedToEnterTheLocationOfTheDatabase_EitherICanSelectLocalAndPortNumberOrARemoteUrlAndAPortNumber_() (0,0s)</StdOut>
      </Output>
    </UnitTestResult>
    <UnitTestResult executionId="f1d4ed1c-b081-4af1-93ae-c099d39465c0" testId="73302206-0dad-245f-b252-a47d9578b55d" testName="WhenAPushTheSaveButtonTheActiveObjectIsSaved" computerName="JOHAN-PC" duration="00:00:00.0665186" startTime="2012-03-04T21:23:47.9840823+01:00" endTime="2012-03-04T21:23:48.3801049+01:00" testType="13cdc9d9-ddb5-4fa4-a97d-d965ccfc6d4b" outcome="Inconclusive" testListId="8c84fa94-04c1-424b-9868-57a2d4851a1d" relativeResultsDirectory="f1d4ed1c-b081-4af1-93ae-c099d39465c0">
      <Output>
        <StdOut>Given I'am loged in to the RapidCase Development Studio
-&gt; No matching step definition found for the step. Use the following code to create one:
    [Binding]
    public class StepDefinitions
    {
        [Given(@"I'am loged in to the RapidCase Development Studio")]
        public void GivenIAmLogedInToTheRapidCaseDevelopmentStudio()
        {
            ScenarioContext.Current.Pending();
        }
    }

And I have made som changes
-&gt; No matching step definition found for the step. Use the following code to create one:
    [Binding]
    public class StepDefinitions
    {
        [Given(@"I have made som changes")]
        public void GivenIHaveMadeSomChanges()
        {
            ScenarioContext.Current.Pending();
        }
    }

When I press the save button
-&gt; No matching step definition found for the step. Use the following code to create one:
    [Binding]
    public class StepDefinitions
    {
        [When(@"I press the save button")]
        public void WhenIPressTheSaveButton()
        {
            ScenarioContext.Current.Pending();
        }
    }

Then my changes is saved to ?
-&gt; No matching step definition found for the step. Use the following code to create one:
    [Binding]
    public class StepDefinitions
    {
        [Then(@"my changes is saved to \?")]
        public void ThenMyChangesIsSavedTo()
        {
            ScenarioContext.Current.Pending();
        }
    }</StdOut>
        <ErrorInfo>
          <Message>Assert.Inconclusive failed. No matching step definition found for one or more steps.
[Binding]
public class StepDefinitions
{
    [Given(@"I have made som changes")]
    public void GivenIHaveMadeSomChanges()
    {
        ScenarioContext.Current.Pending();
    }
    
    [Given(@"I'am loged in to the RapidCase Development Studio")]
    public void GivenIAmLogedInToTheRapidCaseDevelopmentStudio()
    {
        ScenarioContext.Current.Pending();
    }
    
    [Then(@"my changes is saved to \?")]
    public void ThenMyChangesIsSavedTo()
    {
        ScenarioContext.Current.Pending();
    }
    
    [When(@"I press the save button")]
    public void WhenIPressTheSaveButton()
    {
        ScenarioContext.Current.Pending();
    }
}
</Message>
          <StackTrace>   at lambda_method(Closure , String , Object[] )
   at TechTalk.SpecFlow.UnitTestProvider.MsTestRuntimeProvider.TestInconclusive(String message)
   at TechTalk.SpecFlow.UnitTestProvider.MsTestRuntimeProvider.TestPending(String message)
   at TechTalk.SpecFlow.ErrorHandling.ErrorProvider.ThrowPendingError(TestStatus testStatus, String message)
   at TechTalk.SpecFlow.Infrastructure.TestExecutionEngine.OnAfterLastStep()
   at TechTalk.SpecFlow.TestRunner.CollectScenarioErrors()
   at RapidCase.DeveloperStudio.Specifications.BasicFunctions.NewOpenAndSaveFeature.ScenarioCleanup() in C:\Users\Johan\Documents\projects\RapidCase\RapidCase.DeveloperStudio.Specifications\Basic functions\NewOpenSave.feature.cs:line 0
   at RapidCase.DeveloperStudio.Specifications.BasicFunctions.NewOpenAndSaveFeature.WhenAPushTheSaveButtonTheActiveObjectIsSaved() in c:\Users\Johan\Documents\projects\RapidCase\RapidCase.DeveloperStudio.Specifications\Basic functions\NewOpenSave.feature:line 15
</StackTrace>
        </ErrorInfo>
      </Output>
    </UnitTestResult>
    <UnitTestResult executionId="aafddfb6-4379-4699-8635-758fa762eddd" testId="f534cc6d-ccd7-79c5-9d4a-e36817d3f99a" testName="WhenALogInToTheRapidCaseDevelopmentStudioTheConfigurationIsAutomaticlyLoaded" computerName="JOHAN-PC" duration="00:00:00.0127067" startTime="2012-03-04T21:23:48.3821050+01:00" endTime="2012-03-04T21:23:48.3991060+01:00" testType="13cdc9d9-ddb5-4fa4-a97d-d965ccfc6d4b" outcome="Inconclusive" testListId="8c84fa94-04c1-424b-9868-57a2d4851a1d" relativeResultsDirectory="aafddfb6-4379-4699-8635-758fa762eddd">
      <Output>
        <StdOut>Given it is not the first time I log in to the RapidCase Development Studio
-&gt; No matching step definition found for the step. Use the following code to create one:
    [Binding]
    public class StepDefinitions
    {
        [Given(@"it is not the first time I log in to the RapidCase Development Studio")]
        public void GivenItIsNotTheFirstTimeILogInToTheRapidCaseDevelopmentStudio()
        {
            ScenarioContext.Current.Pending();
        }
    }

When I do a sussesful log in to the RapidCase Development Studio
-&gt; No matching step definition found for the step. Use the following code to create one:
    [Binding]
    public class StepDefinitions
    {
        [When(@"I do a sussesful log in to the RapidCase Development Studio")]
        public void WhenIDoASussesfulLogInToTheRapidCaseDevelopmentStudio()
        {
            ScenarioContext.Current.Pending();
        }
    }

Then the configuration is loaded from ?
-&gt; No matching step definition found for the step. Use the following code to create one:
    [Binding]
    public class StepDefinitions
    {
        [Then(@"the configuration is loaded from \?")]
        public void ThenTheConfigurationIsLoadedFrom()
        {
            ScenarioContext.Current.Pending();
        }
    }</StdOut>
        <ErrorInfo>
          <Message>Assert.Inconclusive failed. No matching step definition found for one or more steps.
[Binding]
public class StepDefinitions
{
    [Given(@"it is not the first time I log in to the RapidCase Development Studio")]
    public void GivenItIsNotTheFirstTimeILogInToTheRapidCaseDevelopmentStudio()
    {
        ScenarioContext.Current.Pending();
    }
    
    [Then(@"the configuration is loaded from \?")]
    public void ThenTheConfigurationIsLoadedFrom()
    {
        ScenarioContext.Current.Pending();
    }
    
    [When(@"I do a sussesful log in to the RapidCase Development Studio")]
    public void WhenIDoASussesfulLogInToTheRapidCaseDevelopmentStudio()
    {
        ScenarioContext.Current.Pending();
    }
}
</Message>
          <StackTrace>   at lambda_method(Closure , String , Object[] )
   at TechTalk.SpecFlow.UnitTestProvider.MsTestRuntimeProvider.TestInconclusive(String message)
   at TechTalk.SpecFlow.UnitTestProvider.MsTestRuntimeProvider.TestPending(String message)
   at TechTalk.SpecFlow.ErrorHandling.ErrorProvider.ThrowPendingError(TestStatus testStatus, String message)
   at TechTalk.SpecFlow.Infrastructure.TestExecutionEngine.OnAfterLastStep()
   at TechTalk.SpecFlow.TestRunner.CollectScenarioErrors()
   at RapidCase.DeveloperStudio.Specifications.BasicFunctions.NewOpenAndSaveFeature.ScenarioCleanup() in C:\Users\Johan\Documents\projects\RapidCase\RapidCase.DeveloperStudio.Specifications\Basic functions\NewOpenSave.feature.cs:line 0
   at RapidCase.DeveloperStudio.Specifications.BasicFunctions.NewOpenAndSaveFeature.WhenALogInToTheRapidCaseDevelopmentStudioTheConfigurationIsAutomaticlyLoaded() in c:\Users\Johan\Documents\projects\RapidCase\RapidCase.DeveloperStudio.Specifications\Basic functions\NewOpenSave.feature:line 21
</StackTrace>
        </ErrorInfo>
      </Output>
    </UnitTestResult>
    <UnitTestResult executionId="3049eb4c-dfee-432d-a791-8e348013bc3b" testId="fd5c18a6-5934-b007-aee8-c67ef598ac60" testName="AInitialFileIsLoadedTheFirstTimeIStartTheRapidCaseDevelopmentStudio" computerName="JOHAN-PC" duration="00:00:00.0071136" startTime="2012-03-04T21:23:48.4011061+01:00" endTime="2012-03-04T21:23:48.4121068+01:00" testType="13cdc9d9-ddb5-4fa4-a97d-d965ccfc6d4b" outcome="Inconclusive" testListId="8c84fa94-04c1-424b-9868-57a2d4851a1d" relativeResultsDirectory="3049eb4c-dfee-432d-a791-8e348013bc3b">
      <Output>
        <StdOut>Given It is the first time I start Developer studio
-&gt; No matching step definition found for the step. Use the following code to create one:
    [Binding]
    public class StepDefinitions
    {
        [Given(@"It is the first time I start Developer studio")]
        public void GivenItIsTheFirstTimeIStartDeveloperStudio()
        {
            ScenarioContext.Current.Pending();
        }
    }

When I log in as Administrator
-&gt; No matching step definition found for the step. Use the following code to create one:
    [Binding]
    public class StepDefinitions
    {
        [When(@"I log in as Administrator")]
        public void WhenILogInAsAdministrator()
        {
            ScenarioContext.Current.Pending();
        }
    }

Then a initial configuration will be loaded in to the RapidCase Development Studio
-&gt; No matching step definition found for the step. Use the following code to create one:
    [Binding]
    public class StepDefinitions
    {
        [Then(@"a initial configuration will be loaded in to the RapidCase Development Studio")]
        public void ThenAInitialConfigurationWillBeLoadedInToTheRapidCaseDevelopmentStudio()
        {
            ScenarioContext.Current.Pending();
        }
    }</StdOut>
        <ErrorInfo>
          <Message>Assert.Inconclusive failed. No matching step definition found for one or more steps.
[Binding]
public class StepDefinitions
{
    [Given(@"It is the first time I start Developer studio")]
    public void GivenItIsTheFirstTimeIStartDeveloperStudio()
    {
        ScenarioContext.Current.Pending();
    }
    
    [Then(@"a initial configuration will be loaded in to the RapidCase Development Studio")]
    public void ThenAInitialConfigurationWillBeLoadedInToTheRapidCaseDevelopmentStudio()
    {
        ScenarioContext.Current.Pending();
    }
    
    [When(@"I log in as Administrator")]
    public void WhenILogInAsAdministrator()
    {
        ScenarioContext.Current.Pending();
    }
}
</Message>
          <StackTrace>   at lambda_method(Closure , String , Object[] )
   at TechTalk.SpecFlow.UnitTestProvider.MsTestRuntimeProvider.TestInconclusive(String message)
   at TechTalk.SpecFlow.UnitTestProvider.MsTestRuntimeProvider.TestPending(String message)
   at TechTalk.SpecFlow.ErrorHandling.ErrorProvider.ThrowPendingError(TestStatus testStatus, String message)
   at TechTalk.SpecFlow.Infrastructure.TestExecutionEngine.OnAfterLastStep()
   at TechTalk.SpecFlow.TestRunner.CollectScenarioErrors()
   at RapidCase.DeveloperStudio.Specifications.BasicFunctions.NewOpenAndSaveFeature.ScenarioCleanup() in C:\Users\Johan\Documents\projects\RapidCase\RapidCase.DeveloperStudio.Specifications\Basic functions\NewOpenSave.feature.cs:line 0
   at RapidCase.DeveloperStudio.Specifications.BasicFunctions.NewOpenAndSaveFeature.AInitialFileIsLoadedTheFirstTimeIStartTheRapidCaseDevelopmentStudio() in c:\Users\Johan\Documents\projects\RapidCase\RapidCase.DeveloperStudio.Specifications\Basic functions\NewOpenSave.feature:line 8
</StackTrace>
        </ErrorInfo>
      </Output>
    </UnitTestResult>
  </Results>
</TestRun>